// Jest Snapshot v1, https://goo.gl/fbAQLP

exports[`renders correctly enzyme 1`] = `
<main
  className="main"
>
  <form
    className="form"
  >
    <fieldset>
      <legend
        className="legend"
      >
        COGS
      </legend>
      <section
        className="input-container input-container_col-3"
      >
        <label
          htmlFor="category"
        >
          Category
        </label>
        <select
          className="input-container__input"
          id="category"
          name="category"
          onChange={[Function]}
        >
          <option
            key="food"
            value="food"
          >
            Food
          </option>
          <option
            key="beverage"
            value="beverage"
          >
            Beverage
          </option>
          <option
            key="other"
            value="other"
          >
            Other
          </option>
        </select>
      </section>
      <section
        className="input-container input-container_col-3"
      >
        <label
          htmlFor="amount"
        >
          Amount
        </label>
        <input
          className="input-container__input"
          id="amount"
          name="amount"
          onChange={[Function]}
          type="number"
        />
        <div
          className="toggle-container toggle-container_3-col"
        >
          <label
            htmlFor="dollars"
          >
            <input
              className="toggle-container__input"
              id="dollars"
              name="amountType"
              onChange={[Function]}
              type="radio"
              value="dollars"
            />
            <div
              className="toggle-container__box"
            >
              <p>
                $
              </p>
            </div>
          </label>
          <label
            htmlFor="percentage"
          >
            <input
              className="toggle-container__input"
              id="percentage"
              name="amountType"
              onChange={[Function]}
              type="radio"
              value="percentage"
            />
            <div
              className="toggle-container__box"
            >
              <p>
                %
              </p>
            </div>
          </label>
        </div>
      </section>
      <section
        className="button-container"
      >
        <button
          className="button button-container__button button_delete"
        >
          Delete
        </button>
        <input
          className="button button-container__button button_save"
          type="submit"
          value="Save"
        />
      </section>
    </fieldset>
  </form>
</main>
`;
